Java HotSpot(TM) 64-Bit Server VM (25.111-b14) for linux-amd64 JRE (1.8.0_111-b14), built on Sep 22 2016 16:14:03 by "java_re" with gcc 4.3.0 20080428 (Red Hat 4.3.0-8)
Memory: 4k page, physical 8060580k(2298544k free), swap 15625212k(15625212k free)
CommandLine flags: -XX:+ExplicitGCInvokesConcurrent -XX:GCLogFileSize=104857600 -XX:InitialHeapSize=1073741824 -XX:InitiatingHeapOccupancyPercent=35 -XX:+ManagementServer -XX:MaxGCPauseMillis=20 -XX:MaxHeapSize=1073741824 -XX:NumberOfGCLogFiles=10 -XX:+PrintGC -XX:+PrintGCDateStamps -XX:+PrintGCDetails -XX:+PrintGCTimeStamps -XX:+UseCompressedClassPointers -XX:+UseCompressedOops -XX:+UseG1GC -XX:+UseGCLogFileRotation 
2019-05-12T11:45:59.767+0300: 2.561: [GC pause (G1 Evacuation Pause) (young), 0.0284839 secs]
   [Parallel Time: 19.4 ms, GC Workers: 4]
      [GC Worker Start (ms): Min: 2561.0, Avg: 2565.4, Max: 2571.4, Diff: 10.4]
      [Ext Root Scanning (ms): Min: 0.0, Avg: 1.0, Max: 2.0, Diff: 2.0, Sum: 4.0]
      [Update RS (ms): Min: 0.0, Avg: 0.0, Max: 0.0, Diff: 0.0, Sum: 0.0]
         [Processed Buffers: Min: 0, Avg: 0.0, Max: 0, Diff: 0, Sum: 0]
      [Scan RS (ms): Min: 0.0, Avg: 0.0, Max: 0.0, Diff: 0.0, Sum: 0.1]
      [Code Root Scanning (ms): Min: 0.0, Avg: 0.2, Max: 0.5, Diff: 0.5, Sum: 0.9]
      [Object Copy (ms): Min: 0.0, Avg: 6.9, Max: 16.9, Diff: 16.9, Sum: 27.6]
      [Termination (ms): Min: 0.0, Avg: 6.8, Max: 9.1, Diff: 9.1, Sum: 27.0]
         [Termination Attempts: Min: 1, Avg: 2.5, Max: 4, Diff: 3, Sum: 10]
      [GC Worker Other (ms): Min: 0.0, Avg: 0.0, Max: 0.0, Diff: 0.0, Sum: 0.1]
      [GC Worker Total (ms): Min: 9.0, Avg: 14.9, Max: 19.4, Diff: 10.4, Sum: 59.7]
      [GC Worker End (ms): Min: 2580.3, Avg: 2580.3, Max: 2580.4, Diff: 0.0]
   [Code Root Fixup: 0.3 ms]
   [Code Root Purge: 0.0 ms]
   [Clear CT: 0.1 ms]
   [Other: 8.7 ms]
      [Choose CSet: 0.0 ms]
      [Ref Proc: 8.3 ms]
      [Ref Enq: 0.0 ms]
      [Redirty Cards: 0.0 ms]
      [Humongous Register: 0.1 ms]
      [Humongous Reclaim: 0.0 ms]
      [Free CSet: 0.1 ms]
   [Eden: 51.0M(51.0M)->0.0B(44.0M) Survivors: 0.0B->7168.0K Heap: 51.0M(1024.0M)->9325.0K(1024.0M)]
 [Times: user=0.04 sys=0.01, real=0.02 secs] 
2019-05-12T11:46:00.058+0300: 2.852: [GC pause (Metadata GC Threshold) (young) (initial-mark), 0.0204993 secs]
   [Parallel Time: 18.0 ms, GC Workers: 4]
      [GC Worker Start (ms): Min: 2852.3, Avg: 2852.7, Max: 2854.0, Diff: 1.8]
      [Ext Root Scanning (ms): Min: 2.1, Avg: 3.9, Max: 5.8, Diff: 3.7, Sum: 15.7]
      [Update RS (ms): Min: 0.0, Avg: 0.1, Max: 0.4, Diff: 0.4, Sum: 0.4]
         [Processed Buffers: Min: 0, Avg: 0.5, Max: 2, Diff: 2, Sum: 2]
      [Scan RS (ms): Min: 0.0, Avg: 0.0, Max: 0.0, Diff: 0.0, Sum: 0.0]
      [Code Root Scanning (ms): Min: 0.0, Avg: 0.3, Max: 1.1, Diff: 1.1, Sum: 1.1]
      [Object Copy (ms): Min: 8.7, Avg: 9.8, Max: 11.9, Diff: 3.2, Sum: 39.1]
      [Termination (ms): Min: 0.0, Avg: 3.3, Max: 5.1, Diff: 5.1, Sum: 13.2]
         [Termination Attempts: Min: 1, Avg: 1.5, Max: 3, Diff: 2, Sum: 6]
      [GC Worker Other (ms): Min: 0.0, Avg: 0.0, Max: 0.0, Diff: 0.0, Sum: 0.0]
      [GC Worker Total (ms): Min: 16.1, Avg: 17.4, Max: 17.9, Diff: 1.8, Sum: 69.6]
      [GC Worker End (ms): Min: 2870.1, Avg: 2870.1, Max: 2870.2, Diff: 0.1]
   [Code Root Fixup: 0.2 ms]
   [Code Root Purge: 0.0 ms]
   [Clear CT: 0.8 ms]
   [Other: 1.6 ms]
      [Choose CSet: 0.0 ms]
      [Ref Proc: 1.2 ms]
      [Ref Enq: 0.0 ms]
      [Redirty Cards: 0.1 ms]
      [Humongous Register: 0.0 ms]
      [Humongous Reclaim: 0.0 ms]
      [Free CSet: 0.0 ms]
   [Eden: 14.0M(44.0M)->0.0B(44.0M) Survivors: 7168.0K->7168.0K Heap: 22.6M(1024.0M)->9325.0K(1024.0M)]
 [Times: user=0.03 sys=0.00, real=0.03 secs] 
2019-05-12T11:46:00.079+0300: 2.873: [GC concurrent-root-region-scan-start]
2019-05-12T11:46:00.085+0300: 2.880: [GC concurrent-root-region-scan-end, 0.0067260 secs]
2019-05-12T11:46:00.086+0300: 2.880: [GC concurrent-mark-start]
2019-05-12T11:46:00.089+0300: 2.883: [GC concurrent-mark-end, 0.0037164 secs]
2019-05-12T11:46:00.092+0300: 2.886: [GC remark 2019-05-12T11:46:00.092+0300: 2.886: [Finalize Marking, 0.0009893 secs] 2019-05-12T11:46:00.093+0300: 2.887: [GC ref-proc, 0.0002104 secs] 2019-05-12T11:46:00.093+0300: 2.887: [Unloading, 0.0079502 secs], 0.0095018 secs]
 [Times: user=0.01 sys=0.00, real=0.01 secs] 
2019-05-12T11:46:00.102+0300: 2.896: [GC cleanup 9836K->7679K(1024M), 0.0029799 secs]
 [Times: user=0.00 sys=0.00, real=0.00 secs] 
2019-05-12T11:46:00.105+0300: 2.899: [GC concurrent-cleanup-start]
2019-05-12T11:46:00.105+0300: 2.899: [GC concurrent-cleanup-end, 0.0000168 secs]
2019-05-12T11:46:01.406+0300: 4.200: [GC pause (G1 Evacuation Pause) (young), 0.0400966 secs]
   [Parallel Time: 34.3 ms, GC Workers: 4]
      [GC Worker Start (ms): Min: 4200.5, Avg: 4205.7, Max: 4208.3, Diff: 7.8]
      [Ext Root Scanning (ms): Min: 0.0, Avg: 1.2, Max: 4.5, Diff: 4.5, Sum: 4.8]
      [Update RS (ms): Min: 0.0, Avg: 0.0, Max: 0.0, Diff: 0.0, Sum: 0.0]
         [Processed Buffers: Min: 0, Avg: 0.8, Max: 3, Diff: 3, Sum: 3]
      [Scan RS (ms): Min: 0.0, Avg: 0.0, Max: 0.0, Diff: 0.0, Sum: 0.1]
      [Code Root Scanning (ms): Min: 0.0, Avg: 1.7, Max: 6.8, Diff: 6.8, Sum: 6.8]
      [Object Copy (ms): Min: 21.7, Avg: 22.5, Max: 25.0, Diff: 3.3, Sum: 90.2]
      [Termination (ms): Min: 0.0, Avg: 3.6, Max: 4.8, Diff: 4.8, Sum: 14.3]
         [Termination Attempts: Min: 4, Avg: 32.0, Max: 44, Diff: 40, Sum: 128]
      [GC Worker Other (ms): Min: 0.0, Avg: 0.0, Max: 0.0, Diff: 0.0, Sum: 0.0]
      [GC Worker Total (ms): Min: 26.5, Avg: 29.0, Max: 34.2, Diff: 7.8, Sum: 116.2]
      [GC Worker End (ms): Min: 4234.7, Avg: 4234.8, Max: 4234.8, Diff: 0.1]
   [Code Root Fixup: 0.6 ms]
   [Code Root Purge: 0.0 ms]
   [Clear CT: 1.0 ms]
   [Other: 4.2 ms]
      [Choose CSet: 0.0 ms]
      [Ref Proc: 3.6 ms]
      [Ref Enq: 0.0 ms]
      [Redirty Cards: 0.1 ms]
      [Humongous Register: 0.1 ms]
      [Humongous Reclaim: 0.0 ms]
      [Free CSet: 0.2 ms]
   [Eden: 44.0M(44.0M)->0.0B(44.0M) Survivors: 7168.0K->7168.0K Heap: 179.0M(1024.0M)->140.2M(1024.0M)]
 [Times: user=0.09 sys=0.01, real=0.04 secs] 
